E:/USER/AUTOSAR/Mcal/Mcu/Mcu.c:21:7:Mcu_lConvertPllpDivtoBitValue	16	static
E:/USER/AUTOSAR/Mcal/Mcu/Mcu.c:43:20:Mcu_lEnableHSE	4	static
E:/USER/AUTOSAR/Mcal/Mcu/Mcu.c:57:20:Mcu_lSelectPllSource	16	static
E:/USER/AUTOSAR/Mcal/Mcu/Mcu.c:74:13:Mcu_lConfigurePll	24	static
E:/USER/AUTOSAR/Mcal/Mcu/Mcu.c:104:20:Mcu_lEnablePll	4	static
E:/USER/AUTOSAR/Mcal/Mcu/Mcu.c:116:20:Mcu_lDisablePll	4	static
E:/USER/AUTOSAR/Mcal/Mcu/Mcu.c:131:13:Mcu_lEnablePeripheralClock	4	static
E:/USER/AUTOSAR/Mcal/Mcu/Mcu.c:143:6:Mcu_Init	16	static
E:/USER/AUTOSAR/Mcal/Mcu/Mcu.c:161:16:Mcu_InitClock	24	static
E:/USER/AUTOSAR/Mcal/Mcu/Mcu.c:219:19:Mcu_GetPllStatus	4	static
E:/USER/AUTOSAR/Mcal/Mcu/Mcu.c:238:16:Mcu_DistributePllClock	8	static
E:/USER/AUTOSAR/Mcal/Mcu/Mcu.c:294:15:Mcu_lGetAhbDivider	16	static
E:/USER/AUTOSAR/Mcal/Mcu/Mcu.c:335:15:Mcu_lGetApb1Divider	16	static
E:/USER/AUTOSAR/Mcal/Mcu/Mcu.c:352:15:Mcu_lGetApb2Divider	16	static
E:/USER/AUTOSAR/Mcal/Mcu/Mcu.c:370:8:Mcu_GetSysClkFreq	24	static
E:/USER/AUTOSAR/Mcal/Mcu/Mcu.c:415:8:Mcu_GetHclkFreq	24	static
E:/USER/AUTOSAR/Mcal/Mcu/Mcu.c:430:8:Mcu_GetPclk1Freq	24	static
E:/USER/AUTOSAR/Mcal/Mcu/Mcu.c:445:8:Mcu_GetPclk2Freq	24	static
