E:/USER/AUTOSAR/Target/STM32F407XXX/Utilities/SysTick/stm32f407xxx_systick.c:10:6:SYSTICK_Init	16	static
E:/USER/AUTOSAR/Target/STM32F407XXX/Utilities/SysTick/stm32f407xxx_systick.c:42:6:SYSTICK_DelayMs	24	static
E:/USER/AUTOSAR/Target/STM32F407XXX/Utilities/SysTick/stm32f407xxx_systick.c:52:8:SYSTICK_GetTick	4	static
E:/USER/AUTOSAR/Target/STM32F407XXX/Utilities/SysTick/stm32f407xxx_systick.c:61:6:SysTick_Handler	8	static
E:/USER/AUTOSAR/Target/STM32F407XXX/Utilities/SysTick/stm32f407xxx_systick.c:70:20:SYSTICK_IncTick	4	static
